Microsoft Windows [Version 10.0.26200.6899]
(c) Microsoft Corporation. All rights reserved.

E:\practices\javaeg\tech4\Amit\classes>jar -cvf ..\dist\ThinkingMachine-dl.jar com
added manifest
adding: com/(in = 0) (out= 0)(stored 0%)
adding: com/thinkingmachine/(in = 0) (out= 0)(stored 0%)
adding: com/thinkingmachine/dl/(in = 0) (out= 0)(stored 0%)
adding: com/thinkingmachine/dl/dao/(in = 0) (out= 0)(stored 0%)
adding: com/thinkingmachine/dl/dao/StudentDAO.class(in = 5022) (out= 2588)(deflated 48%)
adding: com/thinkingmachine/dl/dto/(in = 0) (out= 0)(stored 0%)
adding: com/thinkingmachine/dl/dto/StudentDTO.class(in = 958) (out= 490)(deflated 48%)

E:\practices\javaeg\tech4\Amit\classes>cd ..

E:\practices\javaeg\tech4\Amit>cd dist

E:\practices\javaeg\tech4\Amit\dist>dir
 Volume in drive E is New Volume
 Volume Serial Number is 1E4C-F9ED

 Directory of E:\practices\javaeg\tech4\Amit\dist

11/08/2025  01:31 PM    <DIR>          .
11/05/2025  12:52 AM    <DIR>          ..
11/08/2025  01:31 PM             4,339 ThinkingMachine-dl.jar
               1 File(s)          4,339 bytes
               2 Dir(s)  129,905,704,960 bytes free

E:\practices\javaeg\tech4\Amit\dist>  cd ..

E:\practices\javaeg\tech4\Amit>cd ..

E:\practices\javaeg\tech4>md Bobby

E:\practices\javaeg\tech4>cd bobby

E:\practices\javaeg\tech4\Bobby>md lib

E:\practices\javaeg\tech4\Bobby>cd lib

E:\practices\javaeg\tech4\Bobby\lib>dir
 Volume in drive E is New Volume
 Volume Serial Number is 1E4C-F9ED

 Directory of E:\practices\javaeg\tech4\Bobby\lib

11/08/2025  01:56 PM    <DIR>          .
11/08/2025  01:55 PM    <DIR>          ..
11/04/2025  11:17 PM             2,622 ThinkingMachine-dl-Interfaces.jar
11/08/2025  01:31 PM             4,339 ThinkingMachine-dl.jar
               2 File(s)          6,961 bytes
               2 Dir(s)  129,905,692,672 bytes free

E:\practices\javaeg\tech4\Bobby\lib>cd ..

E:\practices\javaeg\tech4\Bobby>md dist

E:\practices\javaeg\tech4\Bobby>md src

E:\practices\javaeg\tech4\Bobby>md classes

E:\practices\javaeg\tech4\Bobby>cd src

E:\practices\javaeg\tech4\Bobby\src>md com

E:\practices\javaeg\tech4\Bobby\src>cd com

E:\practices\javaeg\tech4\Bobby\src\com>md thinkingmachine

E:\practices\javaeg\tech4\Bobby\src\com>cd thinkingmachine

E:\practices\javaeg\tech4\Bobby\src\com\thinkingmachine>md manager

E:\practices\javaeg\tech4\Bobby\src\com\thinkingmachine>cd manager

E:\practices\javaeg\tech4\Bobby\src\com\thinkingmachine\manager>notepad StudentManager.java

E:\practices\javaeg\tech4\Bobby\src\com\thinkingmachine\manager>cd ..

E:\practices\javaeg\tech4\Bobby\src\com\thinkingmachine>cd ..

E:\practices\javaeg\tech4\Bobby\src\com>cd ..

E:\practices\javaeg\tech4\Bobby\src>cd ..

E:\practices\javaeg\tech4\Bobby>cd ..

E:\practices\javaeg\tech4>md Yogesh

E:\practices\javaeg\tech4>cd Yogesh

E:\practices\javaeg\tech4\Yogesh>md src

E:\practices\javaeg\tech4\Yogesh>cd src

E:\practices\javaeg\tech4\Yogesh\src>md com

E:\practices\javaeg\tech4\Yogesh\src>cd com

E:\practices\javaeg\tech4\Yogesh\src\com>md io

E:\practices\javaeg\tech4\Yogesh\src\com>cd io

E:\practices\javaeg\tech4\Yogesh\src\com\io>md util

E:\practices\javaeg\tech4\Yogesh\src\com\io>cd util

E:\practices\javaeg\tech4\Yogesh\src\com\io\util>notepad Keyboard.java

E:\practices\javaeg\tech4\Yogesh\src\com\io\util>notepad KeyboardInputException.java

E:\practices\javaeg\tech4\Yogesh\src\com\io\util>javac -d E:\javaeg\tech4\yogesh\classes *.java
KeyboardInputException.java:1: error: ';' expected
package com.io.util
                   ^
1 error

E:\practices\javaeg\tech4\Yogesh\src\com\io\util>javac -d E:\javaeg\tech4\yogesh\classes *.java

E:\practices\javaeg\tech4\Yogesh\src\com\io\util>javac *.java

E:\practices\javaeg\tech4\Yogesh\src\com\io\util>javac -d E:\practices\javaeg\tech4\yogesh\classes *.java

E:\practices\javaeg\tech4\Yogesh\src\com\io\util>javac -d E:\practices\javaeg\tech4\yogesh\classes *.java

E:\practices\javaeg\tech4\Yogesh\src\com\io\util>javac -d E:\practices\javaeg\tech4\yogesh\classes *.java

E:\practices\javaeg\tech4\Yogesh\src\com\io\util>cd ..

E:\practices\javaeg\tech4\Yogesh\src\com\io>cd ..

E:\practices\javaeg\tech4\Yogesh\src\com>cd ..

E:\practices\javaeg\tech4\Yogesh\src>cd ..

E:\practices\javaeg\tech4\Yogesh>cd classes

E:\practices\javaeg\tech4\Yogesh\classes>jar -csf ..\dist\io-utils.jar com
Illegal option: s
Try `jar --help' for more information.

E:\practices\javaeg\tech4\Yogesh\classes>jar -csf ..\dist\io-util.jar com
Illegal option: s
Try `jar --help' for more information.

E:\practices\javaeg\tech4\Yogesh\classes>jar -cvf ..\dist\io-utils.jar com
added manifest
adding: com/(in = 0) (out= 0)(stored 0%)
adding: com/io/(in = 0) (out= 0)(stored 0%)
adding: com/io/util/(in = 0) (out= 0)(stored 0%)
adding: com/io/util/Keyboard.class(in = 4806) (out= 2103)(deflated 56%)
adding: com/io/util/KeyboardInputException.class(in = 256) (out= 193)(deflated 24%)

E:\practices\javaeg\tech4\Yogesh\classes>cd ..

E:\practices\javaeg\tech4\Yogesh>cd dist

E:\practices\javaeg\tech4\Yogesh\dist>dir
 Volume in drive E is New Volume
 Volume Serial Number is 1E4C-F9ED

 Directory of E:\practices\javaeg\tech4\Yogesh\dist

11/08/2025  05:32 PM    <DIR>          .
11/08/2025  05:30 PM    <DIR>          ..
11/08/2025  05:32 PM             3,209 io-utils.jar
               1 File(s)          3,209 bytes
               2 Dir(s)  129,905,647,616 bytes free

E:\practices\javaeg\tech4\Yogesh\dist>copy io-utils.jar ..\..\bobby\lib
        1 file(s) copied.

E:\practices\javaeg\tech4\Yogesh\dist>cd ..

E:\practices\javaeg\tech4\Yogesh>cd ..

E:\practices\javaeg\tech4>cd bobby

E:\practices\javaeg\tech4\Bobby>cd lib

E:\practices\javaeg\tech4\Bobby\lib>dir
 Volume in drive E is New Volume
 Volume Serial Number is 1E4C-F9ED

 Directory of E:\practices\javaeg\tech4\Bobby\lib

11/08/2025  05:33 PM    <DIR>          .
11/08/2025  02:06 PM    <DIR>          ..
11/08/2025  05:32 PM             3,209 io-utils.jar
11/04/2025  11:17 PM             2,622 ThinkingMachine-dl-Interfaces.jar
11/08/2025  01:31 PM             4,339 ThinkingMachine-dl.jar
               3 File(s)         10,170 bytes
               2 Dir(s)  129,905,643,520 bytes free

E:\practices\javaeg\tech4\Bobby\lib>cd ..

E:\practices\javaeg\tech4\Bobby>cd src

E:\practices\javaeg\tech4\Bobby\src>cd com

E:\practices\javaeg\tech4\Bobby\src\com>cd thinkingmachine

E:\practices\javaeg\tech4\Bobby\src\com\thinkingmachine>cd manager

E:\practices\javaeg\tech4\Bobby\src\com\thinkingmachine\manager>javac -d E:\practices\javaeg\tech4
error: no source files

E:\practices\javaeg\tech4\Bobby\src\com\thinkingmachine\manager>javac -d E:\practices\javaeg\tech4\bobby\classes -classpath E:\practices\javaeg\tech4\bobby\lib\*;. *.java

E:\practices\javaeg\tech4\Bobby\src\com\thinkingmachine\manager>cd ..

E:\practices\javaeg\tech4\Bobby\src\com\thinkingmachine>cd ..

E:\practices\javaeg\tech4\Bobby\src\com>cd ..

E:\practices\javaeg\tech4\Bobby\src>cd ..

E:\practices\javaeg\tech4\Bobby>cd classes

E:\practices\javaeg\tech4\Bobby\classes>jar -cvf ..\dist\School-Manager.jar com
added manifest
adding: com/(in = 0) (out= 0)(stored 0%)
adding: com/thinkingmachine/(in = 0) (out= 0)(stored 0%)
adding: com/thinkingmachine/manager/(in = 0) (out= 0)(stored 0%)
adding: com/thinkingmachine/manager/StudentManager.class(in = 4659) (out= 2395)(deflated 48%)

E:\practices\javaeg\tech4\Bobby\classes>cd ..

E:\practices\javaeg\tech4\Bobby>dir
 Volume in drive E is New Volume
 Volume Serial Number is 1E4C-F9ED

 Directory of E:\practices\javaeg\tech4\Bobby

11/08/2025  02:06 PM    <DIR>          .
11/08/2025  04:38 PM    <DIR>          ..
11/08/2025  06:31 PM    <DIR>          classes
11/08/2025  02:06 PM    <DIR>          dist
11/08/2025  05:33 PM    <DIR>          lib
11/08/2025  02:06 PM    <DIR>          src
               0 File(s)              0 bytes
               6 Dir(s)  129,905,623,040 bytes free

E:\practices\javaeg\tech4\Bobby>cd dist

E:\practices\javaeg\tech4\Bobby\dist>dir
 Volume in drive E is New Volume
 Volume Serial Number is 1E4C-F9ED

 Directory of E:\practices\javaeg\tech4\Bobby\dist

11/08/2025  06:37 PM    <DIR>          .
11/08/2025  02:06 PM    <DIR>          ..
11/08/2025  06:37 PM             3,238 School-Manager.jar
               1 File(s)          3,238 bytes
               2 Dir(s)  129,905,623,040 bytes free

E:\practices\javaeg\tech4\Bobby\dist>cd ..

E:\practices\javaeg\tech4\Bobby>cd src

E:\practices\javaeg\tech4\Bobby\src>dir
 Volume in drive E is New Volume
 Volume Serial Number is 1E4C-F9ED

 Directory of E:\practices\javaeg\tech4\Bobby\src

11/08/2025  02:06 PM    <DIR>          .
11/08/2025  02:06 PM    <DIR>          ..
11/08/2025  02:07 PM    <DIR>          com
               0 File(s)              0 bytes
               3 Dir(s)  129,905,623,040 bytes free

E:\practices\javaeg\tech4\Bobby\src>cd com

E:\practices\javaeg\tech4\Bobby\src\com>dir
 Volume in drive E is New Volume
 Volume Serial Number is 1E4C-F9ED

 Directory of E:\practices\javaeg\tech4\Bobby\src\com

11/08/2025  02:07 PM    <DIR>          .
11/08/2025  02:06 PM    <DIR>          ..
11/08/2025  02:07 PM    <DIR>          thinkingmachine
               0 File(s)              0 bytes
               3 Dir(s)  129,905,623,040 bytes free

E:\practices\javaeg\tech4\Bobby\src\com>cd thinkingmachine

E:\practices\javaeg\tech4\Bobby\src\com\thinkingmachine>dir
 Volume in drive E is New Volume
 Volume Serial Number is 1E4C-F9ED

 Directory of E:\practices\javaeg\tech4\Bobby\src\com\thinkingmachine

11/08/2025  02:07 PM    <DIR>          .
11/08/2025  02:07 PM    <DIR>          ..
11/08/2025  02:07 PM    <DIR>          manager
               0 File(s)              0 bytes
               3 Dir(s)  129,905,623,040 bytes free

E:\practices\javaeg\tech4\Bobby\src\com\thinkingmachine>cd manager

E:\practices\javaeg\tech4\Bobby\src\com\thinkingmachine\manager>dir
 Volume in drive E is New Volume
 Volume Serial Number is 1E4C-F9ED

 Directory of E:\practices\javaeg\tech4\Bobby\src\com\thinkingmachine\manager

11/08/2025  02:07 PM    <DIR>          .
11/08/2025  02:07 PM    <DIR>          ..
11/08/2025  06:31 PM             6,123 StudentManager.java
               1 File(s)          6,123 bytes
               2 Dir(s)  129,905,623,040 bytes free

E:\practices\javaeg\tech4\Bobby\src\com\thinkingmachine\manager>cd ..

E:\practices\javaeg\tech4\Bobby\src\com\thinkingmachine>cd .

E:\practices\javaeg\tech4\Bobby\src\com\thinkingmachine>cd  .

E:\practices\javaeg\tech4\Bobby\src\com\thinkingmachine>cd ..

E:\practices\javaeg\tech4\Bobby\src\com>cd ..

E:\practices\javaeg\tech4\Bobby\src>cd ..

E:\practices\javaeg\tech4\Bobby>cd //
The system cannot find the path specified.

E:\practices\javaeg\tech4\Bobby>cd ..

E:\practices\javaeg\tech4>md Chetan

E:\practices\javaeg\tech4>cd chetan

E:\practices\javaeg\tech4\Chetan>md src

E:\practices\javaeg\tech4\Chetan>md lib

E:\practices\javaeg\tech4\Chetan>md dist

E:\practices\javaeg\tech4\Chetan>md classes

E:\practices\javaeg\tech4\Chetan>cd dist

E:\practices\javaeg\tech4\Chetan\dist>cd ..

E:\practices\javaeg\tech4\Chetan>cd disst
The system cannot find the path specified.

E:\practices\javaeg\tech4\Chetan>cd dist

E:\practices\javaeg\tech4\Chetan\dist>cd ..

E:\practices\javaeg\tech4\Chetan>cd src

E:\practices\javaeg\tech4\Chetan\src>md com

E:\practices\javaeg\tech4\Chetan\src>cd com

E:\practices\javaeg\tech4\Chetan\src\com>md thinkingmachine

E:\practices\javaeg\tech4\Chetan\src\com>cd thinkingmachine

E:\practices\javaeg\tech4\Chetan\src\com\thinkingmachine>notepad SchoolApplication.java

E:\practices\javaeg\tech4\Chetan\src\com\thinkingmachine>cd ..

E:\practices\javaeg\tech4\Chetan\src\com>cd ..

E:\practices\javaeg\tech4\Chetan\src>cd ..

E:\practices\javaeg\tech4\Chetan>cd lib

E:\practices\javaeg\tech4\Chetan\lib>move ..\dist\*.jar
E:\practices\javaeg\tech4\Chetan\dist\io-utils.jar
E:\practices\javaeg\tech4\Chetan\dist\School-Manager.jar
E:\practices\javaeg\tech4\Chetan\dist\ThinkingMachine-dl-Interfaces.jar
E:\practices\javaeg\tech4\Chetan\dist\ThinkingMachine-dl.jar
        4 file(s) moved.

E:\practices\javaeg\tech4\Chetan\lib>dir
 Volume in drive E is New Volume
 Volume Serial Number is 1E4C-F9ED

 Directory of E:\practices\javaeg\tech4\Chetan\lib

11/08/2025  07:05 PM    <DIR>          .
11/08/2025  06:52 PM    <DIR>          ..
11/08/2025  05:32 PM             3,209 io-utils.jar
11/08/2025  06:37 PM             3,238 School-Manager.jar
11/04/2025  11:17 PM             2,622 ThinkingMachine-dl-Interfaces.jar
11/08/2025  01:31 PM             4,339 ThinkingMachine-dl.jar
               4 File(s)         13,408 bytes
               2 Dir(s)  129,905,598,464 bytes free

E:\practices\javaeg\tech4\Chetan\lib>cd ..

E:\practices\javaeg\tech4\Chetan>cd src

E:\practices\javaeg\tech4\Chetan\src>cd com

E:\practices\javaeg\tech4\Chetan\src\com>cd thinkingmachine

E:\practices\javaeg\tech4\Chetan\src\com\thinkingmachine>javac -d e:\practices\javaeg\tech4\chetan\classes -classpath e:\practices\javaeg\tech4\chetan\lib\*;. *.java

E:\practices\javaeg\tech4\Chetan\src\com\thinkingmachine>cdc ..
'cdc' is not recognized as an internal or external command,
operable program or batch file.

E:\practices\javaeg\tech4\Chetan\src\com\thinkingmachine>cd ..

E:\practices\javaeg\tech4\Chetan\src\com>cd ..

E:\practices\javaeg\tech4\Chetan\src>cd ..

E:\practices\javaeg\tech4\Chetan>cd classes

E:\practices\javaeg\tech4\Chetan\classes>dir
 Volume in drive E is New Volume
 Volume Serial Number is 1E4C-F9ED

 Directory of E:\practices\javaeg\tech4\Chetan\classes

11/08/2025  07:12 PM    <DIR>          .
11/08/2025  06:52 PM    <DIR>          ..
11/08/2025  07:12 PM    <DIR>          com
               0 File(s)              0 bytes
               3 Dir(s)  129,905,594,368 bytes free

E:\practices\javaeg\tech4\Chetan\classes>cd ..

E:\practices\javaeg\tech4\Chetan>cd lib

E:\practices\javaeg\tech4\Chetan\lib>cd ..

E:\practices\javaeg\tech4\Chetan>cd classes

E:\practices\javaeg\tech4\Chetan\classes>jar -cvf ..\dist\School.jar com
added manifest
adding: com/(in = 0) (out= 0)(stored 0%)
adding: com/thinkingmachine/(in = 0) (out= 0)(stored 0%)
adding: com/thinkingmachine/SchoolApplication.class(in = 1249) (out= 778)(deflated 37%)

E:\practices\javaeg\tech4\Chetan\classes>cd ..

E:\practices\javaeg\tech4\Chetan>cd ..

E:\practices\javaeg\tech4>cd ..

E:\practices\javaeg>md maa

E:\practices\javaeg>cd maa

E:\practices\javaeg\maa>del maa
Could Not Find E:\practices\javaeg\maa\maa

E:\practices\javaeg\maa>cd ..

E:\practices\javaeg>cd tech4

E:\practices\javaeg\tech4>cd maa
The system cannot find the path specified.

E:\practices\javaeg\tech4>md maa

E:\practices\javaeg\tech4>cd maa

E:\practices\javaeg\tech4\maa>md SchoolApp

E:\practices\javaeg\tech4\maa>cd SchoolApp

E:\practices\javaeg\tech4\maa\SchoolApp>dir
 Volume in drive E is New Volume
 Volume Serial Number is 1E4C-F9ED

 Directory of E:\practices\javaeg\tech4\maa\SchoolApp

11/08/2025  07:25 PM    <DIR>          .
11/08/2025  07:24 PM    <DIR>          ..
11/08/2025  05:32 PM             3,209 io-utils.jar
11/08/2025  06:37 PM             3,238 School-Manager.jar
11/08/2025  07:15 PM             1,479 School.jar
11/04/2025  11:17 PM             2,622 ThinkingMachine-dl-Interfaces.jar
11/08/2025  01:31 PM             4,339 ThinkingMachine-dl.jar
               5 File(s)         14,887 bytes
               2 Dir(s)  129,905,565,696 bytes free

E:\practices\javaeg\tech4\maa\SchoolApp>cd ..

E:\practices\javaeg\tech4\maa>cd ..

E:\practices\javaeg\tech4>cd ..

E:\practices\javaeg\MAAdel>java -classpath E:\practices\javaeg\tech4\maa\SchoolApp\*;. com.thinkingmachine.SchoolApplication
1. Add
2. Edit
3. Delete
4. Search
5. List
6. Exit
Enter your choice :
1
Student (Add Module)
Enter roll number :
6
Enter name :
Exception in thread "main" java.lang.NullPointerException: Cannot invoke "String.trim()" because "<local4>" is null
        at com.thinkingmachine.manager.StudentManager.addStudent(StudentManager.java:53)
        at com.thinkingmachine.SchoolApplication.main(SchoolApplication.java:20)

E:\practices\javaeg\MAAdel>cd ..

E:\practices\javaeg>java -classpath E:\practices\javaeg\tech4\maa\SchoolApp\*;. com.thinkingmachine.SchoolApplication
1. Add
2. Edit
3. Delete
4. Search
5. List
6. Exit
Enter your choice :
6

E:\practices\javaeg>